{ "symbolicFiles": [ ["/dev/urandom", {"symbolicContentSize": 1024} ]
                   ],
  "useStdout": true,
  "useStderr": true
}
